[SETTINGS] Loaded .env from: C:\Users\DELL\Desktop\Apps\Church Digital Engagement Platform\backend\.env
python : Email service app ready.
At line:1 char:69
+ ... ONPATH='.'; python manage.py test apps.series.tests -v 2 > test_outpu ...
+                 ~~~~~~~~~~~~~~~~~~~~~~~~~~~~~~~~~~~~~~~~~~~~~~~~~~~~~~~~~
    + CategoryInfo          : NotSpecified: (Email service app ready.:String) [], RemoteException
    + FullyQualifiedErrorId : NativeCommandError
 
Found 26 test(s).
Creating test database for alias 'default' ('file:memorydb_default?mode=memory&cache=shared')...

Operations to perform:
  Synchronize unmigrated apps: corsheaders, django_filters, drf_spectacular, messages, rest_framework, rest_framework_simplejwt, staticfiles
  Apply all migrations: admin, analytics, auth, bible, contact, content, contenttypes, email, email_campaigns, giving, interactions, moderation, notifications, payments, payouts, series, sessions, token_blacklist, users
Synchronizing apps without migrations:
  Creating tables...
    Running deferred SQL...
Running migrations:
  Applying contenttypes.0001_initial... OK
  Applying contenttypes.0002_remove_content_type_name... OK
  Applying auth.0001_initial... OK
  Applying auth.0002_alter_permission_name_max_length... OK
  Applying auth.0003_alter_user_email_max_length... OK
  Applying auth.0004_alter_user_username_opts... OK
  Applying auth.0005_alter_user_last_login_null... OK
  Applying auth.0006_require_contenttypes_0002... OK
  Applying auth.0007_alter_validators_add_error_messages... OK
  Applying auth.0008_alter_user_username_max_length... OK
  Applying auth.0009_alter_user_last_name_max_length... OK
  Applying auth.0010_alter_group_name_max_length... OK
  Applying auth.0011_update_proxy_permissions... OK
  Applying auth.0012_alter_user_first_name_max_length... OK
  Applying users.0001_initial... OK
  Applying admin.0001_initial... OK
  Applying admin.0002_logentry_remove_auto_add... OK
  Applying admin.0003_logentry_add_action_flag_choices... OK
  Applying analytics.0001_initial... OK
  Applying analytics.0002_rename_analytics_p_timestmp_idx_analytics_p_timesta_a6e9e7_idx_and_more... OK
  Applying bible.0001_initial... OK
  Applying contact.0001_initial... OK
  Applying contact.0002_rename_contact_sta_idx_contact_con_status_4b75ca_idx_and_more... OK
  Applying series.0001_initial... OK
  Applying content.0001_initial... OK
  Applying content.0002_post_featured_priority_post_is_featured_and_more... OK
  Applying content.0003_alter_post_featured_image... OK
  Applying content.0004_add_post_scheduling... OK
  Applying content.0005_alter_post_post_type_alter_post_status_and_more... OK
  Applying content.0006_seed_system_content_types...Migrated 0 posts to new content_type system
 OK
  Applying content.0007_interaction... OK
  Applying content.0008_add_discipleship_content_type... OK
  Applying content.0013_post_series_fields... OK
  Applying content.0014_rename_content_post_series_idx_content_pos_series__6962a2_idx... OK
  Applying content.0015_draft_draft_unique_user_post_draft... OK
  Applying content.0016_post_category... OK
  Applying content.0017_add_daily_word_and_weekly_event... OK
  Applying content.0018_rename_content_post_scheduled_date_idx_content_pos_schedul_6395fa_idx_and_more... OK
  Applying content.0019_seed_weekly_events... OK
  Applying content.0020_post_prayer_post_scripture... OK
  Applying content.0021_alter_post_status... OK
Traceback (most recent call last):
  File "C:\Users\DELL\Desktop\Apps\Church Digital Engagement Platform\backend\manage.py", line 22, in <module>
    main()
  File "C:\Users\DELL\Desktop\Apps\Church Digital Engagement Platform\backend\manage.py", line 18, in main
    execute_from_command_line(sys.argv)
  File "C:\Users\DELL\Desktop\Apps\Church Digital Engagement 
Platform\venv\Lib\site-packages\django\core\management\__init__.py", line 442, in execute_from_command_line
    utility.execute()
  File "C:\Users\DELL\Desktop\Apps\Church Digital Engagement 
Platform\venv\Lib\site-packages\django\core\management\__init__.py", line 436, in execute
    self.fetch_command(subcommand).run_from_argv(self.argv)
  File "C:\Users\DELL\Desktop\Apps\Church Digital Engagement 
Platform\venv\Lib\site-packages\django\core\management\commands\test.py", line 24, in run_from_argv
    super().run_from_argv(argv)
  File "C:\Users\DELL\Desktop\Apps\Church Digital Engagement 
Platform\venv\Lib\site-packages\django\core\management\base.py", line 413, in run_from_argv
    self.execute(*args, **cmd_options)
  File "C:\Users\DELL\Desktop\Apps\Church Digital Engagement 
Platform\venv\Lib\site-packages\django\core\management\base.py", line 459, in execute
    output = self.handle(*args, **options)
             ^^^^^^^^^^^^^^^^^^^^^^^^^^^^^
  File "C:\Users\DELL\Desktop\Apps\Church Digital Engagement 
Platform\venv\Lib\site-packages\django\core\management\commands\test.py", line 68, in handle
    failures = test_runner.run_tests(test_labels)
               ^^^^^^^^^^^^^^^^^^^^^^^^^^^^^^^^^^
  File "C:\Users\DELL\Desktop\Apps\Church Digital Engagement Platform\venv\Lib\site-packages\django\test\runner.py", 
line 1061, in run_tests
    old_config = self.setup_databases(
                 ^^^^^^^^^^^^^^^^^^^^^
  File "C:\Users\DELL\Desktop\Apps\Church Digital Engagement Platform\venv\Lib\site-packages\django\test\runner.py", 
line 959, in setup_databases
    return _setup_databases(
           ^^^^^^^^^^^^^^^^^
  File "C:\Users\DELL\Desktop\Apps\Church Digital Engagement Platform\venv\Lib\site-packages\django\test\utils.py", 
line 203, in setup_databases
    connection.creation.create_test_db(
  File "C:\Users\DELL\Desktop\Apps\Church Digital Engagement 
Platform\venv\Lib\site-packages\django\db\backends\base\creation.py", line 78, in create_test_db
    call_command(
  File "C:\Users\DELL\Desktop\Apps\Church Digital Engagement 
Platform\venv\Lib\site-packages\django\core\management\__init__.py", line 194, in call_command
    return command.execute(*args, **defaults)
           ^^^^^^^^^^^^^^^^^^^^^^^^^^^^^^^^^^
  File "C:\Users\DELL\Desktop\Apps\Church Digital Engagement 
Platform\venv\Lib\site-packages\django\core\management\base.py", line 459, in execute
    output = self.handle(*args, **options)
             ^^^^^^^^^^^^^^^^^^^^^^^^^^^^^
  File "C:\Users\DELL\Desktop\Apps\Church Digital Engagement 
Platform\venv\Lib\site-packages\django\core\management\base.py", line 107, in wrapper
    res = handle_func(*args, **kwargs)
          ^^^^^^^^^^^^^^^^^^^^^^^^^^^^
  File "C:\Users\DELL\Desktop\Apps\Church Digital Engagement 
Platform\venv\Lib\site-packages\django\core\management\commands\migrate.py", line 356, in handle
    post_migrate_state = executor.migrate(
                         ^^^^^^^^^^^^^^^^^
  File "C:\Users\DELL\Desktop\Apps\Church Digital Engagement 
Platform\venv\Lib\site-packages\django\db\migrations\executor.py", line 135, in migrate
    state = self._migrate_all_forwards(
            ^^^^^^^^^^^^^^^^^^^^^^^^^^^
  File "C:\Users\DELL\Desktop\Apps\Church Digital Engagement 
Platform\venv\Lib\site-packages\django\db\migrations\executor.py", line 167, in _migrate_all_forwards
    state = self.apply_migration(
            ^^^^^^^^^^^^^^^^^^^^^
  File "C:\Users\DELL\Desktop\Apps\Church Digital Engagement 
Platform\venv\Lib\site-packages\django\db\migrations\executor.py", line 252, in apply_migration
    state = migration.apply(state, schema_editor)
            ^^^^^^^^^^^^^^^^^^^^^^^^^^^^^^^^^^^^^
  File "C:\Users\DELL\Desktop\Apps\Church Digital Engagement 
Platform\venv\Lib\site-packages\django\db\migrations\migration.py", line 132, in apply
    operation.database_forwards(
  File "C:\Users\DELL\Desktop\Apps\Church Digital Engagement 
Platform\venv\Lib\site-packages\django\db\migrations\operations\special.py", line 193, in database_forwards
    self.code(from_state.apps, schema_editor)
  File "C:\Users\DELL\Desktop\Apps\Church Digital Engagement 
Platform\backend\apps\content\migrations\0022_convert_system_to_custom_types.py", line 28, in convert_to_custom_types
    print(f"\u2713 Converted {types_converted} content types from system to custom")
  File "C:\Users\DELL\Desktop\Apps\Church Digital Engagement Platform\venv\Lib\site-packages\colorama\ansitowin32.py", 
line 47, in write
    self.__convertor.write(text)
  File "C:\Users\DELL\Desktop\Apps\Church Digital Engagement Platform\venv\Lib\site-packages\colorama\ansitowin32.py", 
line 177, in write
    self.write_and_convert(text)
  File "C:\Users\DELL\Desktop\Apps\Church Digital Engagement Platform\venv\Lib\site-packages\colorama\ansitowin32.py", 
line 205, in write_and_convert
    self.write_plain_text(text, cursor, len(text))
  File "C:\Users\DELL\Desktop\Apps\Church Digital Engagement Platform\venv\Lib\site-packages\colorama\ansitowin32.py", 
line 210, in write_plain_text
    self.wrapped.write(text[start:end])
  File "C:\Users\DELL\AppData\Local\Programs\Python\Python311\Lib\encodings\cp1252.py", line 19, in encode
    return codecs.charmap_encode(input,self.errors,encoding_table)[0]
           ^^^^^^^^^^^^^^^^^^^^^^^^^^^^^^^^^^^^^^^^^^^^^^^^^^^^^^^
UnicodeEncodeError: 'charmap' codec can't encode character '\u2713' in position 0: character maps to <undefined>
  Applying content.0022_convert_system_to_custom_types...
